
> trip-nest-be@0.0.1 test
> jest

node.exe : FAIL 
src/modules/users/users.service.spec.ts
At C:\Program Files\nodejs\npm.ps1:29 char:3
+   & $NODE_EXE $NPM_CLI_JS $args
+   ~~~~~~~~~~~~~~~~~~~~~~~~~~~~~
    + CategoryInfo          : NotSpecified: (FAIL src 
   /module...service.spec.ts:String) [], RemoteExcep  
  tion
    + FullyQualifiedErrorId : NativeCommandError
 
  ΓùÅ Test suite failed to run

    Cannot find module '@/enums/user-role.enum' from 
'modules/users/entities/user.entity.ts'

    Require stack:
      modules/users/entities/user.entity.ts
      modules/users/users.service.ts
      modules/users/users.service.spec.ts

    [0m[31m[1m>[22m[39m[90m 1 |[39m 
[36mimport[39m { [33mUserRole[39m } 
[36mfrom[39m 
[32m'@/enums/user-role.enum'[39m[33m;[39m
     [90m   |[39m [31m[1m^[22m[39m
     [90m 2 |[39m [36mimport[39m { 
[33mBooking[39m } [36mfrom[39m [32m'@/modules/boo
kings/entities/booking.entity'[39m[33m;[39m
     [90m 3 |[39m [36mimport[39m { 
[33mReview[39m } [36mfrom[39m [32m'@/modules/revi
ews/entities/review.entity'[39m[33m;[39m
     [90m 4 |[39m [36mimport[39m { 
[33mUserProfile[39m } [36mfrom[39m [32m'@/modules
/user_profiles/entities/user_profile.entity'[39m[33m
;[39m[0m

      at Resolver._throwModNotFoundError (../node_modu
les/jest-resolve/build/resolver.js:427:11)
      at Object.<anonymous> 
(modules/users/entities/user.entity.ts:1:1)
      at Object.<anonymous> 
(modules/users/users.service.ts:9:1)
      at Object.<anonymous> 
(modules/users/users.service.spec.ts:2:1)

PASS src/modules/notifications/notifications.service.s
pec.ts (28.909 s)
PASS src/app.controller.spec.ts (29.088 s)
FAIL src/modules/users/users.controller.spec.ts
  ΓùÅ Test suite failed to run

    Cannot find module '@/enums/user-role.enum' from 
'modules/users/entities/user.entity.ts'

    Require stack:
      modules/users/entities/user.entity.ts
      modules/users/users.service.ts
      modules/users/users.controller.ts
      modules/users/users.controller.spec.ts

    [0m[31m[1m>[22m[39m[90m 1 |[39m 
[36mimport[39m { [33mUserRole[39m } 
[36mfrom[39m 
[32m'@/enums/user-role.enum'[39m[33m;[39m
     [90m   |[39m [31m[1m^[22m[39m
     [90m 2 |[39m [36mimport[39m { 
[33mBooking[39m } [36mfrom[39m [32m'@/modules/boo
kings/entities/booking.entity'[39m[33m;[39m
     [90m 3 |[39m [36mimport[39m { 
[33mReview[39m } [36mfrom[39m [32m'@/modules/revi
ews/entities/review.entity'[39m[33m;[39m
     [90m 4 |[39m [36mimport[39m { 
[33mUserProfile[39m } [36mfrom[39m [32m'@/modules
/user_profiles/entities/user_profile.entity'[39m[33m
;[39m[0m

      at Resolver._throwModNotFoundError (../node_modu
les/jest-resolve/build/resolver.js:427:11)
      at Object.<anonymous> 
(modules/users/entities/user.entity.ts:1:1)
      at Object.<anonymous> 
(modules/users/users.service.ts:9:1)
      at Object.<anonymous> 
(modules/users/users.controller.ts:10:1)
      at Object.<anonymous> 
(modules/users/users.controller.spec.ts:2:1)

PASS 
src/modules/tour-images/tour-images.service.spec.ts 
(29.166 s)
PASS 
src/modules/tour-details/tour-details.service.spec.ts 
(29.515 s)
PASS src/modules/notifications/notifications.controlle
r.spec.ts (29.211 s)
FAIL 
src/modules/mail/processor/email.processor.spec.ts
  ΓùÅ Test suite failed to run

    Cannot find module 'src/enums/name-register.enum' 
from 'modules/mail/processor/email.processor.ts'

    Require stack:
      modules/mail/processor/email.processor.ts
      modules/mail/processor/email.processor.spec.ts

    [0m [90m 2 |[39m [36mimport[39m { 
[33mLogger[39m } [36mfrom[39m 
[32m'@nestjs/common'[39m[33m;[39m
     [90m 3 |[39m [36mimport[39m { [33mJob[39m 
} [36mfrom[39m [32m'bullmq'[39m[33m;[39m
    [31m[1m>[22m[39m[90m 4 |[39m 
[36mimport[39m { [33mNAME_REGISTER[39m } 
[36mfrom[39m 
[32m'src/enums/name-register.enum'[39m[33m;[39m
     [90m   |[39m [31m[1m^[22m[39m
     [90m 5 |[39m [36mimport[39m { 
[33mNAME_QUEUE[39m } [36mfrom[39m 
[32m'src/enums/name-queue.enum'[39m[33m;[39m
     [90m 6 |[39m [36mimport[39m { 
[33mMailService[39m } [36mfrom[39m 
[32m'@/modules/mail/mail.service'[39m[33m;[39m
     [90m 7 |[39m [33m@[39m[33mProcessor[39m([3
2m`${NAME_REGISTER.OTP}`[39m)[0m

      at Resolver._throwModNotFoundError (../node_modu
les/jest-resolve/build/resolver.js:427:11)
      at Object.<anonymous> 
(modules/mail/processor/email.processor.ts:4:1)
      at Object.<anonymous> 
(modules/mail/processor/email.processor.spec.ts:2:1)

PASS src/modules/tour-details/tour-details.controller.
spec.ts (30.961 s)
PASS src/modules/tour-images/tour-images.controller.sp
ec.ts (31.139 s)
FAIL src/modules/user_profiles/user_profiles.service.s
pec.ts
  ΓùÅ Test suite failed to run

    Cannot find module 
'@/modules/users/entities/user.entity' from 'modules/u
ser_profiles/entities/user_profile.entity.ts'

    Require stack:
      
modules/user_profiles/entities/user_profile.entity.ts
      modules/user_profiles/user_profiles.service.ts
      
modules/user_profiles/user_profiles.service.spec.ts

    [0m[31m[1m>[22m[39m[90m 1 |[39m 
[36mimport[39m { [33mUser[39m } [36mfrom[39m [3
2m'@/modules/users/entities/user.entity'[39m[33m;[3
9m
     [90m   |[39m [31m[1m^[22m[39m
     [90m 2 |[39m [36mimport[39m {
     [90m 3 |[39m   [33mColumn[39m[33m,[39m
     [90m 4 |[39m   [33mEntity[39m[33m,[39m[0m

      at Resolver._throwModNotFoundError (../node_modu
les/jest-resolve/build/resolver.js:427:11)
      at Object.<anonymous> (modules/user_profiles/ent
ities/user_profile.entity.ts:1:1)
      at Object.<anonymous> 
(modules/user_profiles/user_profiles.service.ts:5:1)
      at Object.<anonymous> (modules/user_profiles/use
r_profiles.service.spec.ts:2:1)

PASS src/modules/payments/payments.service.spec.ts 
(32.133 s)
PASS src/modules/payments/payments.controller.spec.ts 
(32.379 s)
FAIL src/modules/user_profiles/user_profiles.controlle
r.spec.ts
  ΓùÅ Test suite failed to run

    Cannot find module 
'@/modules/users/entities/user.entity' from 'modules/u
ser_profiles/entities/user_profile.entity.ts'

    Require stack:
      
modules/user_profiles/entities/user_profile.entity.ts
      modules/user_profiles/user_profiles.service.ts
      
modules/user_profiles/user_profiles.controller.ts
      
modules/user_profiles/user_profiles.controller.spec.ts

    [0m[31m[1m>[22m[39m[90m 1 |[39m 
[36mimport[39m { [33mUser[39m } [36mfrom[39m [3
2m'@/modules/users/entities/user.entity'[39m[33m;[3
9m
     [90m   |[39m [31m[1m^[22m[39m
     [90m 2 |[39m [36mimport[39m {
     [90m 3 |[39m   [33mColumn[39m[33m,[39m
     [90m 4 |[39m   [33mEntity[39m[33m,[39m[0m

      at Resolver._throwModNotFoundError (../node_modu
les/jest-resolve/build/resolver.js:427:11)
      at Object.<anonymous> (modules/user_profiles/ent
ities/user_profile.entity.ts:1:1)
      at Object.<anonymous> 
(modules/user_profiles/user_profiles.service.ts:5:1)
      at Object.<anonymous> (modules/user_profiles/use
r_profiles.controller.ts:12:1)
      at Object.<anonymous> (modules/user_profiles/use
r_profiles.controller.spec.ts:2:1)

FAIL src/modules/reviews/reviews.service.spec.ts
  ΓùÅ Test suite failed to run

    Cannot find module 
'@/modules/tours/entities/tour.entity' from 
'modules/reviews/entities/review.entity.ts'

    Require stack:
      modules/reviews/entities/review.entity.ts
      modules/reviews/reviews.service.ts
      modules/reviews/reviews.service.spec.ts

    [0m[31m[1m>[22m[39m[90m 1 |[39m 
[36mimport[39m { [33mTour[39m } [36mfrom[39m [3
2m'@/modules/tours/entities/tour.entity'[39m[33m;[3
9m
     [90m   |[39m [31m[1m^[22m[39m
     [90m 2 |[39m [36mimport[39m { [33mUser[39m 
} [36mfrom[39m [32m'@/modules/users/entities/user.e
ntity'[39m[33m;[39m
     [90m 3 |[39m [36mimport[39m {
     [90m 4 |[39m   [33mColumn[39m[33m,[39m[0m

      at Resolver._throwModNotFoundError (../node_modu
les/jest-resolve/build/resolver.js:427:11)
      at Object.<anonymous> 
(modules/reviews/entities/review.entity.ts:1:1)
      at Object.<anonymous> 
(modules/reviews/reviews.service.ts:5:1)
      at Object.<anonymous> 
(modules/reviews/reviews.service.spec.ts:2:1)

FAIL src/modules/tours/tours.service.spec.ts
  ΓùÅ Test suite failed to run

    Cannot find module 
'@/modules/location/entities/location.entity' from 
'modules/tours/entities/tour.entity.ts'

    Require stack:
      modules/tours/entities/tour.entity.ts
      modules/tours/tours.service.ts
      modules/tours/tours.service.spec.ts

    [0m [90m  9 |[39m   
[33mPrimaryGeneratedColumn[39m[33m,[39m
     [90m 10 |[39m } [36mfrom[39m 
[32m'typeorm'[39m[33m;[39m
    [31m[1m>[22m[39m[90m 11 |[39m 
[36mimport[39m { [33mLocation[39m } 
[36mfrom[39m [32m'@/modules/location/entities/locat
ion.entity'[39m[33m;[39m
     [90m    |[39m [31m[1m^[22m[39m
     [90m 12 |[39m [36mimport[39m { 
[33mTourDetail[39m } [36mfrom[39m [32m'@/modules/
tour-details/entities/tour-detail.entity'[39m[33m;[
39m
     [90m 13 |[39m [36mimport[39m { 
[33mReview[39m } [36mfrom[39m [32m'@/modules/revi
ews/entities/review.entity'[39m[33m;[39m
     [90m 14 |[39m [36mimport[39m { 
[33mTourSession[39m } [36mfrom[39m [32m'@/modules
/tour-session/entities/tour-session.entity'[39m[33m;
[39m[0m

      at Resolver._throwModNotFoundError (../node_modu
les/jest-resolve/build/resolver.js:427:11)
      at Object.<anonymous> 
(modules/tours/entities/tour.entity.ts:11:1)
      at Object.<anonymous> 
(modules/tours/tours.service.ts:10:1)
      at Object.<anonymous> 
(modules/tours/tours.service.spec.ts:2:1)

FAIL src/modules/bookings/processors/booking.processor
.spec.ts
  ΓùÅ Test suite failed to run

    Cannot find module 
'@/modules/tour-session/entities/tour-session.entity' 
from 'modules/bookings/entities/booking.entity.ts'

    Require stack:
      modules/bookings/entities/booking.entity.ts
      modules/bookings/processors/booking.processor.ts
      
modules/bookings/processors/booking.processor.spec.ts

    [0m[31m[1m>[22m[39m[90m 1 |[39m 
[36mimport[39m { [33mTourSession[39m } 
[36mfrom[39m [32m'@/modules/tour-session/entities/t
our-session.entity'[39m[33m;[39m
     [90m   |[39m [31m[1m^[22m[39m
     [90m 2 |[39m [36mimport[39m { [33mUser[39m 
} [36mfrom[39m [32m'@/modules/users/entities/user.e
ntity'[39m[33m;[39m
     [90m 3 |[39m [36mimport[39m {
     [90m 4 |[39m   [33mColumn[39m[33m,[39m[0m

      at Resolver._throwModNotFoundError (../node_modu
les/jest-resolve/build/resolver.js:427:11)
      at Object.<anonymous> 
(modules/bookings/entities/booking.entity.ts:1:1)
      at Object.<anonymous> 
(modules/bookings/processors/booking.processor.ts:5:1)
      at Object.<anonymous> (modules/bookings/processo
rs/booking.processor.spec.ts:2:1)

FAIL src/modules/tours/tours.controller.spec.ts
  ΓùÅ Test suite failed to run

    Cannot find module 
'@/modules/location/entities/location.entity' from 
'modules/tours/entities/tour.entity.ts'

    Require stack:
      modules/tours/entities/tour.entity.ts
      modules/tours/tours.service.ts
      modules/tours/tours.controller.ts
      modules/tours/tours.controller.spec.ts

    [0m [90m  9 |[39m   
[33mPrimaryGeneratedColumn[39m[33m,[39m
     [90m 10 |[39m } [36mfrom[39m 
[32m'typeorm'[39m[33m;[39m
    [31m[1m>[22m[39m[90m 11 |[39m 
[36mimport[39m { [33mLocation[39m } 
[36mfrom[39m [32m'@/modules/location/entities/locat
ion.entity'[39m[33m;[39m
     [90m    |[39m [31m[1m^[22m[39m
     [90m 12 |[39m [36mimport[39m { 
[33mTourDetail[39m } [36mfrom[39m [32m'@/modules/
tour-details/entities/tour-detail.entity'[39m[33m;[
39m
     [90m 13 |[39m [36mimport[39m { 
[33mReview[39m } [36mfrom[39m [32m'@/modules/revi
ews/entities/review.entity'[39m[33m;[39m
     [90m 14 |[39m [36mimport[39m { 
[33mTourSession[39m } [36mfrom[39m [32m'@/modules
/tour-session/entities/tour-session.entity'[39m[33m;
[39m[0m

      at Resolver._throwModNotFoundError (../node_modu
les/jest-resolve/build/resolver.js:427:11)
      at Object.<anonymous> 
(modules/tours/entities/tour.entity.ts:11:1)
      at Object.<anonymous> 
(modules/tours/tours.service.ts:10:1)
      at Object.<anonymous> 
(modules/tours/tours.controller.ts:16:1)
      at Object.<anonymous> 
(modules/tours/tours.controller.spec.ts:2:1)

FAIL src/modules/tours/tours.integration.spec.ts
  ΓùÅ Test suite failed to run

    Cannot find module 
'@/modules/location/entities/location.entity' from 
'modules/tours/entities/tour.entity.ts'

    Require stack:
      modules/tours/entities/tour.entity.ts
      modules/tours/tours.service.ts
      modules/tours/tours.integration.spec.ts

    [0m [90m  9 |[39m   
[33mPrimaryGeneratedColumn[39m[33m,[39m
     [90m 10 |[39m } [36mfrom[39m 
[32m'typeorm'[39m[33m;[39m
    [31m[1m>[22m[39m[90m 11 |[39m 
[36mimport[39m { [33mLocation[39m } 
[36mfrom[39m [32m'@/modules/location/entities/locat
ion.entity'[39m[33m;[39m
     [90m    |[39m [31m[1m^[22m[39m
     [90m 12 |[39m [36mimport[39m { 
[33mTourDetail[39m } [36mfrom[39m [32m'@/modules/
tour-details/entities/tour-detail.entity'[39m[33m;[
39m
     [90m 13 |[39m [36mimport[39m { 
[33mReview[39m } [36mfrom[39m [32m'@/modules/revi
ews/entities/review.entity'[39m[33m;[39m
     [90m 14 |[39m [36mimport[39m { 
[33mTourSession[39m } [36mfrom[39m [32m'@/modules
/tour-session/entities/tour-session.entity'[39m[33m;
[39m[0m

      at Resolver._throwModNotFoundError (../node_modu
les/jest-resolve/build/resolver.js:427:11)
      at Object.<anonymous> 
(modules/tours/entities/tour.entity.ts:11:1)
      at Object.<anonymous> 
(modules/tours/tours.service.ts:10:1)
      at Object.<anonymous> 
(modules/tours/tours.integration.spec.ts:2:1)

FAIL src/modules/reviews/reviews.controller.spec.ts
  ΓùÅ Test suite failed to run

    Cannot find module 
'@/modules/tours/entities/tour.entity' from 
'modules/reviews/entities/review.entity.ts'

    Require stack:
      modules/reviews/entities/review.entity.ts
      modules/reviews/reviews.service.ts
      modules/reviews/reviews.controller.ts
      modules/reviews/reviews.controller.spec.ts

    [0m[31m[1m>[22m[39m[90m 1 |[39m 
[36mimport[39m { [33mTour[39m } [36mfrom[39m [3
2m'@/modules/tours/entities/tour.entity'[39m[33m;[3
9m
     [90m   |[39m [31m[1m^[22m[39m
     [90m 2 |[39m [36mimport[39m { [33mUser[39m 
} [36mfrom[39m [32m'@/modules/users/entities/user.e
ntity'[39m[33m;[39m
     [90m 3 |[39m [36mimport[39m {
     [90m 4 |[39m   [33mColumn[39m[33m,[39m[0m

      at Resolver._throwModNotFoundError (../node_modu
les/jest-resolve/build/resolver.js:427:11)
      at Object.<anonymous> 
(modules/reviews/entities/review.entity.ts:1:1)
      at Object.<anonymous> 
(modules/reviews/reviews.service.ts:5:1)
      at Object.<anonymous> 
(modules/reviews/reviews.controller.ts:12:1)
      at Object.<anonymous> 
(modules/reviews/reviews.controller.spec.ts:2:1)

FAIL src/modules/tour-session/tour-session.controller.
spec.ts
  ΓùÅ Test suite failed to run

    Cannot find module 
'@/enums/departure-status.enum' from 
'modules/tour-session/entities/tour-session.entity.ts'

    Require stack:
      
modules/tour-session/entities/tour-session.entity.ts
      modules/tour-session/tour-session.service.ts
      modules/tour-session/tour-session.controller.ts
      
modules/tour-session/tour-session.controller.spec.ts

    [0m[31m[1m>[22m[39m[90m 1 |[39m 
[36mimport[39m { [33mDepartureStatus[39m } 
[36mfrom[39m 
[32m'@/enums/departure-status.enum'[39m[33m;[39m
     [90m   |[39m [31m[1m^[22m[39m
     [90m 2 |[39m [36mimport[39m { 
[33mBooking[39m } [36mfrom[39m [32m'@/modules/boo
kings/entities/booking.entity'[39m[33m;[39m
     [90m 3 |[39m [36mimport[39m { [33mTour[39m 
} [36mfrom[39m [32m'@/modules/tours/entities/tour.e
ntity'[39m[33m;[39m
     [90m 4 |[39m [36mimport[39m {[0m

      at Resolver._throwModNotFoundError (../node_modu
les/jest-resolve/build/resolver.js:427:11)
      at Object.<anonymous> (modules/tour-session/enti
ties/tour-session.entity.ts:1:1)
      at Object.<anonymous> 
(modules/tour-session/tour-session.service.ts:10:1)
      at Object.<anonymous> 
(modules/tour-session/tour-session.controller.ts:16:1)
      at Object.<anonymous> (modules/tour-session/tour
-session.controller.spec.ts:2:1)

FAIL src/modules/auth/auth.service.spec.ts
  ΓùÅ Test suite failed to run

    Cannot find module '@/enums/user-role.enum' from 
'modules/users/entities/user.entity.ts'

    Require stack:
      modules/users/entities/user.entity.ts
      modules/users/users.service.ts
      modules/auth/auth.service.ts
      modules/auth/auth.service.spec.ts

    [0m[31m[1m>[22m[39m[90m 1 |[39m 
[36mimport[39m { [33mUserRole[39m } 
[36mfrom[39m 
[32m'@/enums/user-role.enum'[39m[33m;[39m
     [90m   |[39m [31m[1m^[22m[39m
     [90m 2 |[39m [36mimport[39m { 
[33mBooking[39m } [36mfrom[39m [32m'@/modules/boo
kings/entities/booking.entity'[39m[33m;[39m
     [90m 3 |[39m [36mimport[39m { 
[33mReview[39m } [36mfrom[39m [32m'@/modules/revi
ews/entities/review.entity'[39m[33m;[39m
     [90m 4 |[39m [36mimport[39m { 
[33mUserProfile[39m } [36mfrom[39m [32m'@/modules
/user_profiles/entities/user_profile.entity'[39m[33m
;[39m[0m

      at Resolver._throwModNotFoundError (../node_modu
les/jest-resolve/build/resolver.js:427:11)
      at Object.<anonymous> 
(modules/users/entities/user.entity.ts:1:1)
      at Object.<anonymous> 
(modules/users/users.service.ts:9:1)
      at Object.<anonymous> 
(modules/auth/auth.service.ts:2:1)
      at Object.<anonymous> 
(modules/auth/auth.service.spec.ts:2:1)

FAIL src/modules/auth/auth.controller.spec.ts
  ΓùÅ Test suite failed to run

    Cannot find module '@/enums/user-role.enum' from 
'modules/users/entities/user.entity.ts'

    Require stack:
      modules/users/entities/user.entity.ts
      modules/users/users.service.ts
      modules/auth/auth.service.ts
      modules/auth/auth.controller.ts
      modules/auth/auth.controller.spec.ts

    [0m[31m[1m>[22m[39m[90m 1 |[39m 
[36mimport[39m { [33mUserRole[39m } 
[36mfrom[39m 
[32m'@/enums/user-role.enum'[39m[33m;[39m
     [90m   |[39m [31m[1m^[22m[39m
     [90m 2 |[39m [36mimport[39m { 
[33mBooking[39m } [36mfrom[39m [32m'@/modules/boo
kings/entities/booking.entity'[39m[33m;[39m
     [90m 3 |[39m [36mimport[39m { 
[33mReview[39m } [36mfrom[39m [32m'@/modules/revi
ews/entities/review.entity'[39m[33m;[39m
     [90m 4 |[39m [36mimport[39m { 
[33mUserProfile[39m } [36mfrom[39m [32m'@/modules
/user_profiles/entities/user_profile.entity'[39m[33m
;[39m[0m

      at Resolver._throwModNotFoundError (../node_modu
les/jest-resolve/build/resolver.js:427:11)
      at Object.<anonymous> 
(modules/users/entities/user.entity.ts:1:1)
      at Object.<anonymous> 
(modules/users/users.service.ts:9:1)
      at Object.<anonymous> 
(modules/auth/auth.service.ts:2:1)
      at Object.<anonymous> 
(modules/auth/auth.controller.ts:10:1)
      at Object.<anonymous> 
(modules/auth/auth.controller.spec.ts:2:1)

FAIL src/modules/chat/chat.controller.spec.ts
  ΓùÅ Test suite failed to run

    Cannot find module 
'@/modules/users/entities/user.entity' from 
'modules/chat/entities/chat-session.entity.ts'

    Require stack:
      modules/chat/entities/chat-session.entity.ts
      modules/chat/chat.service.ts
      modules/chat/chat.controller.ts
      modules/chat/chat.controller.spec.ts

    [0m[31m[1m>[22m[39m[90m 1 |[39m 
[36mimport[39m { [33mUser[39m } [36mfrom[39m [3
2m'@/modules/users/entities/user.entity'[39m[33m;[3
9m
     [90m   |[39m [31m[1m^[22m[39m
     [90m 2 |[39m [36mimport[39m { 
[33mAbstractEntity[39m } [36mfrom[39m 
[32m'@/common/abstract.entity'[39m[33m;[39m
     [90m 3 |[39m [36mimport[39m { 
[33mColumn[39m[33m,[39m 
[33mEntity[39m[33m,[39m 
[33mManyToOne[39m[33m,[39m [33mOneToMany[39m } 
[36mfrom[39m [32m'typeorm'[39m[33m;[39m
     [90m 4 |[39m [36mimport[39m { 
[33mChatMessage[39m } [36mfrom[39m 
[32m'./chat-message.entity'[39m[33m;[39m[0m

      at Resolver._throwModNotFoundError (../node_modu
les/jest-resolve/build/resolver.js:427:11)
      at Object.<anonymous> 
(modules/chat/entities/chat-session.entity.ts:1:1)
      at Object.<anonymous> 
(modules/chat/chat.service.ts:3:1)
      at Object.<anonymous> 
(modules/chat/chat.controller.ts:2:1)
      at Object.<anonymous> 
(modules/chat/chat.controller.spec.ts:2:1)

FAIL src/modules/bookings/bookings.service.spec.ts
  ΓùÅ Test suite failed to run

    Cannot find module 
'@/modules/tour-session/entities/tour-session.entity' 
from 'modules/bookings/entities/booking.entity.ts'

    Require stack:
      modules/bookings/entities/booking.entity.ts
      modules/bookings/bookings.service.ts
      modules/bookings/bookings.service.spec.ts

    [0m[31m[1m>[22m[39m[90m 1 |[39m 
[36mimport[39m { [33mTourSession[39m } 
[36mfrom[39m [32m'@/modules/tour-session/entities/t
our-session.entity'[39m[33m;[39m
     [90m   |[39m [31m[1m^[22m[39m
     [90m 2 |[39m [36mimport[39m { [33mUser[39m 
} [36mfrom[39m [32m'@/modules/users/entities/user.e
ntity'[39m[33m;[39m
     [90m 3 |[39m [36mimport[39m {
     [90m 4 |[39m   [33mColumn[39m[33m,[39m[0m

      at Resolver._throwModNotFoundError (../node_modu
les/jest-resolve/build/resolver.js:427:11)
      at Object.<anonymous> 
(modules/bookings/entities/booking.entity.ts:1:1)
      at Object.<anonymous> 
(modules/bookings/bookings.service.ts:5:1)
      at Object.<anonymous> 
(modules/bookings/bookings.service.spec.ts:2:1)

FAIL src/modules/location/location.service.spec.ts
  ΓùÅ Test suite failed to run

    Cannot find module 
'@/modules/tours/entities/tour.entity' from 
'modules/location/entities/location.entity.ts'

    Require stack:
      modules/location/entities/location.entity.ts
      modules/location/location.service.ts
      modules/location/location.service.spec.ts

    [0m[31m[1m>[22m[39m[90m 1 |[39m 
[36mimport[39m { [33mTour[39m } [36mfrom[39m [3
2m'@/modules/tours/entities/tour.entity'[39m[33m;[3
9m
     [90m   |[39m [31m[1m^[22m[39m
     [90m 2 |[39m [36mimport[39m { 
[33mColumn[39m[33m,[39m 
[33mEntity[39m[33m,[39m 
[33mOneToMany[39m[33m,[39m 
[33mPrimaryGeneratedColumn[39m } [36mfrom[39m 
[32m'typeorm'[39m[33m;[39m
     [90m 3 |[39m 
[33m@[39m[33mEntity[39m([32m'locations'[39m)
     [90m 4 |[39m [36mexport[39m [36mclass[39m 
[33mLocation[39m {[0m

      at Resolver._throwModNotFoundError (../node_modu
les/jest-resolve/build/resolver.js:427:11)
      at Object.<anonymous> 
(modules/location/entities/location.entity.ts:1:1)
      at Object.<anonymous> 
(modules/location/location.service.ts:10:1)
      at Object.<anonymous> 
(modules/location/location.service.spec.ts:2:1)

FAIL src/modules/bookings/bookings.controller.spec.ts
  ΓùÅ Test suite failed to run

    Cannot find module 
'@/modules/tour-session/entities/tour-session.entity' 
from 'modules/bookings/entities/booking.entity.ts'

    Require stack:
      modules/bookings/entities/booking.entity.ts
      modules/bookings/bookings.service.ts
      modules/bookings/bookings.controller.ts
      modules/bookings/bookings.controller.spec.ts

    [0m[31m[1m>[22m[39m[90m 1 |[39m 
[36mimport[39m { [33mTourSession[39m } 
[36mfrom[39m [32m'@/modules/tour-session/entities/t
our-session.entity'[39m[33m;[39m
     [90m   |[39m [31m[1m^[22m[39m
     [90m 2 |[39m [36mimport[39m { [33mUser[39m 
} [36mfrom[39m [32m'@/modules/users/entities/user.e
ntity'[39m[33m;[39m
     [90m 3 |[39m [36mimport[39m {
     [90m 4 |[39m   [33mColumn[39m[33m,[39m[0m

      at Resolver._throwModNotFoundError (../node_modu
les/jest-resolve/build/resolver.js:427:11)
      at Object.<anonymous> 
(modules/bookings/entities/booking.entity.ts:1:1)
      at Object.<anonymous> 
(modules/bookings/bookings.service.ts:5:1)
      at Object.<anonymous> 
(modules/bookings/bookings.controller.ts:10:1)
      at Object.<anonymous> 
(modules/bookings/bookings.controller.spec.ts:2:1)

FAIL src/modules/location/location.controller.spec.ts
  ΓùÅ Test suite failed to run

    Cannot find module 
'@/modules/tours/entities/tour.entity' from 
'modules/location/entities/location.entity.ts'

    Require stack:
      modules/location/entities/location.entity.ts
      modules/location/location.service.ts
      modules/location/location.controller.ts
      modules/location/location.controller.spec.ts

    [0m[31m[1m>[22m[39m[90m 1 |[39m 
[36mimport[39m { [33mTour[39m } [36mfrom[39m [3
2m'@/modules/tours/entities/tour.entity'[39m[33m;[3
9m
     [90m   |[39m [31m[1m^[22m[39m
     [90m 2 |[39m [36mimport[39m { 
[33mColumn[39m[33m,[39m 
[33mEntity[39m[33m,[39m 
[33mOneToMany[39m[33m,[39m 
[33mPrimaryGeneratedColumn[39m } [36mfrom[39m 
[32m'typeorm'[39m[33m;[39m
     [90m 3 |[39m 
[33m@[39m[33mEntity[39m([32m'locations'[39m)
     [90m 4 |[39m [36mexport[39m [36mclass[39m 
[33mLocation[39m {[0m

      at Resolver._throwModNotFoundError (../node_modu
les/jest-resolve/build/resolver.js:427:11)
      at Object.<anonymous> 
(modules/location/entities/location.entity.ts:1:1)
      at Object.<anonymous> 
(modules/location/location.service.ts:10:1)
      at Object.<anonymous> 
(modules/location/location.controller.ts:16:1)
      at Object.<anonymous> 
(modules/location/location.controller.spec.ts:2:1)

FAIL src/modules/chat/chat.service.spec.ts
  ΓùÅ Test suite failed to run

    Cannot find module 
'@/modules/users/entities/user.entity' from 
'modules/chat/entities/chat-session.entity.ts'

    Require stack:
      modules/chat/entities/chat-session.entity.ts
      modules/chat/chat.service.ts
      modules/chat/chat.service.spec.ts

    [0m[31m[1m>[22m[39m[90m 1 |[39m 
[36mimport[39m { [33mUser[39m } [36mfrom[39m [3
2m'@/modules/users/entities/user.entity'[39m[33m;[3
9m
     [90m   |[39m [31m[1m^[22m[39m
     [90m 2 |[39m [36mimport[39m { 
[33mAbstractEntity[39m } [36mfrom[39m 
[32m'@/common/abstract.entity'[39m[33m;[39m
     [90m 3 |[39m [36mimport[39m { 
[33mColumn[39m[33m,[39m 
[33mEntity[39m[33m,[39m 
[33mManyToOne[39m[33m,[39m [33mOneToMany[39m } 
[36mfrom[39m [32m'typeorm'[39m[33m;[39m
     [90m 4 |[39m [36mimport[39m { 
[33mChatMessage[39m } [36mfrom[39m 
[32m'./chat-message.entity'[39m[33m;[39m[0m

      at Resolver._throwModNotFoundError (../node_modu
les/jest-resolve/build/resolver.js:427:11)
      at Object.<anonymous> 
(modules/chat/entities/chat-session.entity.ts:1:1)
      at Object.<anonymous> 
(modules/chat/chat.service.ts:3:1)
      at Object.<anonymous> 
(modules/chat/chat.service.spec.ts:2:1)

FAIL 
src/modules/tour-session/tour-session.service.spec.ts
  ΓùÅ Test suite failed to run

    [96msrc/modules/tour-session/tour-session.service
.spec.ts[0m:[93m81[0m:[93m9[0m - 
[91merror[0m[90m TS2322: [0mType 'Date' is not 
assignable to type 'string'.

    [7m81[0m         startDate: pastDate,
    [7m  [0m [91m        ~~~~~~~~~[0m

      [96msrc/modules/tour-session/dto/create-tour-se
ssion.dto.ts[0m:[93m20[0m:[93m3[0m
        [7m20[0m   startDate: string;
        [7m  [0m [96m  ~~~~~~~~~[0m
        The expected type comes from property 
'startDate' which is declared here on type 
'CreateTourSessionDto'

Summary of all failing tests
FAIL modules/users/users.service.spec.ts
  ΓùÅ Test suite failed to run

    Cannot find module '@/enums/user-role.enum' from 
'modules/users/entities/user.entity.ts'

    Require stack:
      modules/users/entities/user.entity.ts
      modules/users/users.service.ts
      modules/users/users.service.spec.ts

    [0m[31m[1m>[22m[39m[90m 1 |[39m 
[36mimport[39m { [33mUserRole[39m } 
[36mfrom[39m 
[32m'@/enums/user-role.enum'[39m[33m;[39m
     [90m   |[39m [31m[1m^[22m[39m
     [90m 2 |[39m [36mimport[39m { 
[33mBooking[39m } [36mfrom[39m [32m'@/modules/boo
kings/entities/booking.entity'[39m[33m;[39m
     [90m 3 |[39m [36mimport[39m { 
[33mReview[39m } [36mfrom[39m [32m'@/modules/revi
ews/entities/review.entity'[39m[33m;[39m
     [90m 4 |[39m [36mimport[39m { 
[33mUserProfile[39m } [36mfrom[39m [32m'@/modules
/user_profiles/entities/user_profile.entity'[39m[33m
;[39m[0m

      at Resolver._throwModNotFoundError (../node_modu
les/jest-resolve/build/resolver.js:427:11)
      at Object.<anonymous> 
(modules/users/entities/user.entity.ts:1:1)
      at Object.<anonymous> 
(modules/users/users.service.ts:9:1)
      at Object.<anonymous> 
(modules/users/users.service.spec.ts:2:1)

FAIL modules/users/users.controller.spec.ts
  ΓùÅ Test suite failed to run

    Cannot find module '@/enums/user-role.enum' from 
'modules/users/entities/user.entity.ts'

    Require stack:
      modules/users/entities/user.entity.ts
      modules/users/users.service.ts
      modules/users/users.controller.ts
      modules/users/users.controller.spec.ts

    [0m[31m[1m>[22m[39m[90m 1 |[39m 
[36mimport[39m { [33mUserRole[39m } 
[36mfrom[39m 
[32m'@/enums/user-role.enum'[39m[33m;[39m
     [90m   |[39m [31m[1m^[22m[39m
     [90m 2 |[39m [36mimport[39m { 
[33mBooking[39m } [36mfrom[39m [32m'@/modules/boo
kings/entities/booking.entity'[39m[33m;[39m
     [90m 3 |[39m [36mimport[39m { 
[33mReview[39m } [36mfrom[39m [32m'@/modules/revi
ews/entities/review.entity'[39m[33m;[39m
     [90m 4 |[39m [36mimport[39m { 
[33mUserProfile[39m } [36mfrom[39m [32m'@/modules
/user_profiles/entities/user_profile.entity'[39m[33m
;[39m[0m

      at Resolver._throwModNotFoundError (../node_modu
les/jest-resolve/build/resolver.js:427:11)
      at Object.<anonymous> 
(modules/users/entities/user.entity.ts:1:1)
      at Object.<anonymous> 
(modules/users/users.service.ts:9:1)
      at Object.<anonymous> 
(modules/users/users.controller.ts:10:1)
      at Object.<anonymous> 
(modules/users/users.controller.spec.ts:2:1)

FAIL modules/mail/processor/email.processor.spec.ts
  ΓùÅ Test suite failed to run

    Cannot find module 'src/enums/name-register.enum' 
from 'modules/mail/processor/email.processor.ts'

    Require stack:
      modules/mail/processor/email.processor.ts
      modules/mail/processor/email.processor.spec.ts

    [0m [90m 2 |[39m [36mimport[39m { 
[33mLogger[39m } [36mfrom[39m 
[32m'@nestjs/common'[39m[33m;[39m
     [90m 3 |[39m [36mimport[39m { [33mJob[39m 
} [36mfrom[39m [32m'bullmq'[39m[33m;[39m
    [31m[1m>[22m[39m[90m 4 |[39m 
[36mimport[39m { [33mNAME_REGISTER[39m } 
[36mfrom[39m 
[32m'src/enums/name-register.enum'[39m[33m;[39m
     [90m   |[39m [31m[1m^[22m[39m
     [90m 5 |[39m [36mimport[39m { 
[33mNAME_QUEUE[39m } [36mfrom[39m 
[32m'src/enums/name-queue.enum'[39m[33m;[39m
     [90m 6 |[39m [36mimport[39m { 
[33mMailService[39m } [36mfrom[39m 
[32m'@/modules/mail/mail.service'[39m[33m;[39m
     [90m 7 |[39m [33m@[39m[33mProcessor[39m([3
2m`${NAME_REGISTER.OTP}`[39m)[0m

      at Resolver._throwModNotFoundError (../node_modu
les/jest-resolve/build/resolver.js:427:11)
      at Object.<anonymous> 
(modules/mail/processor/email.processor.ts:4:1)
      at Object.<anonymous> 
(modules/mail/processor/email.processor.spec.ts:2:1)

FAIL 
modules/user_profiles/user_profiles.service.spec.ts
  ΓùÅ Test suite failed to run

    Cannot find module 
'@/modules/users/entities/user.entity' from 'modules/u
ser_profiles/entities/user_profile.entity.ts'

    Require stack:
      
modules/user_profiles/entities/user_profile.entity.ts
      modules/user_profiles/user_profiles.service.ts
      
modules/user_profiles/user_profiles.service.spec.ts

    [0m[31m[1m>[22m[39m[90m 1 |[39m 
[36mimport[39m { [33mUser[39m } [36mfrom[39m [3
2m'@/modules/users/entities/user.entity'[39m[33m;[3
9m
     [90m   |[39m [31m[1m^[22m[39m
     [90m 2 |[39m [36mimport[39m {
     [90m 3 |[39m   [33mColumn[39m[33m,[39m
     [90m 4 |[39m   [33mEntity[39m[33m,[39m[0m

      at Resolver._throwModNotFoundError (../node_modu
les/jest-resolve/build/resolver.js:427:11)
      at Object.<anonymous> (modules/user_profiles/ent
ities/user_profile.entity.ts:1:1)
      at Object.<anonymous> 
(modules/user_profiles/user_profiles.service.ts:5:1)
      at Object.<anonymous> (modules/user_profiles/use
r_profiles.service.spec.ts:2:1)

FAIL 
modules/user_profiles/user_profiles.controller.spec.ts
  ΓùÅ Test suite failed to run

    Cannot find module 
'@/modules/users/entities/user.entity' from 'modules/u
ser_profiles/entities/user_profile.entity.ts'

    Require stack:
      
modules/user_profiles/entities/user_profile.entity.ts
      modules/user_profiles/user_profiles.service.ts
      
modules/user_profiles/user_profiles.controller.ts
      
modules/user_profiles/user_profiles.controller.spec.ts

    [0m[31m[1m>[22m[39m[90m 1 |[39m 
[36mimport[39m { [33mUser[39m } [36mfrom[39m [3
2m'@/modules/users/entities/user.entity'[39m[33m;[3
9m
     [90m   |[39m [31m[1m^[22m[39m
     [90m 2 |[39m [36mimport[39m {
     [90m 3 |[39m   [33mColumn[39m[33m,[39m
     [90m 4 |[39m   [33mEntity[39m[33m,[39m[0m

      at Resolver._throwModNotFoundError (../node_modu
les/jest-resolve/build/resolver.js:427:11)
      at Object.<anonymous> (modules/user_profiles/ent
ities/user_profile.entity.ts:1:1)
      at Object.<anonymous> 
(modules/user_profiles/user_profiles.service.ts:5:1)
      at Object.<anonymous> (modules/user_profiles/use
r_profiles.controller.ts:12:1)
      at Object.<anonymous> (modules/user_profiles/use
r_profiles.controller.spec.ts:2:1)

FAIL modules/reviews/reviews.service.spec.ts
  ΓùÅ Test suite failed to run

    Cannot find module 
'@/modules/tours/entities/tour.entity' from 
'modules/reviews/entities/review.entity.ts'

    Require stack:
      modules/reviews/entities/review.entity.ts
      modules/reviews/reviews.service.ts
      modules/reviews/reviews.service.spec.ts

    [0m[31m[1m>[22m[39m[90m 1 |[39m 
[36mimport[39m { [33mTour[39m } [36mfrom[39m [3
2m'@/modules/tours/entities/tour.entity'[39m[33m;[3
9m
     [90m   |[39m [31m[1m^[22m[39m
     [90m 2 |[39m [36mimport[39m { [33mUser[39m 
} [36mfrom[39m [32m'@/modules/users/entities/user.e
ntity'[39m[33m;[39m
     [90m 3 |[39m [36mimport[39m {
     [90m 4 |[39m   [33mColumn[39m[33m,[39m[0m

      at Resolver._throwModNotFoundError (../node_modu
les/jest-resolve/build/resolver.js:427:11)
      at Object.<anonymous> 
(modules/reviews/entities/review.entity.ts:1:1)
      at Object.<anonymous> 
(modules/reviews/reviews.service.ts:5:1)
      at Object.<anonymous> 
(modules/reviews/reviews.service.spec.ts:2:1)

FAIL modules/tours/tours.service.spec.ts
  ΓùÅ Test suite failed to run

    Cannot find module 
'@/modules/location/entities/location.entity' from 
'modules/tours/entities/tour.entity.ts'

    Require stack:
      modules/tours/entities/tour.entity.ts
      modules/tours/tours.service.ts
      modules/tours/tours.service.spec.ts

    [0m [90m  9 |[39m   
[33mPrimaryGeneratedColumn[39m[33m,[39m
     [90m 10 |[39m } [36mfrom[39m 
[32m'typeorm'[39m[33m;[39m
    [31m[1m>[22m[39m[90m 11 |[39m 
[36mimport[39m { [33mLocation[39m } 
[36mfrom[39m [32m'@/modules/location/entities/locat
ion.entity'[39m[33m;[39m
     [90m    |[39m [31m[1m^[22m[39m
     [90m 12 |[39m [36mimport[39m { 
[33mTourDetail[39m } [36mfrom[39m [32m'@/modules/
tour-details/entities/tour-detail.entity'[39m[33m;[
39m
     [90m 13 |[39m [36mimport[39m { 
[33mReview[39m } [36mfrom[39m [32m'@/modules/revi
ews/entities/review.entity'[39m[33m;[39m
     [90m 14 |[39m [36mimport[39m { 
[33mTourSession[39m } [36mfrom[39m [32m'@/modules
/tour-session/entities/tour-session.entity'[39m[33m;
[39m[0m

      at Resolver._throwModNotFoundError (../node_modu
les/jest-resolve/build/resolver.js:427:11)
      at Object.<anonymous> 
(modules/tours/entities/tour.entity.ts:11:1)
      at Object.<anonymous> 
(modules/tours/tours.service.ts:10:1)
      at Object.<anonymous> 
(modules/tours/tours.service.spec.ts:2:1)

FAIL 
modules/bookings/processors/booking.processor.spec.ts
  ΓùÅ Test suite failed to run

    Cannot find module 
'@/modules/tour-session/entities/tour-session.entity' 
from 'modules/bookings/entities/booking.entity.ts'

    Require stack:
      modules/bookings/entities/booking.entity.ts
      modules/bookings/processors/booking.processor.ts
      
modules/bookings/processors/booking.processor.spec.ts

    [0m[31m[1m>[22m[39m[90m 1 |[39m 
[36mimport[39m { [33mTourSession[39m } 
[36mfrom[39m [32m'@/modules/tour-session/entities/t
our-session.entity'[39m[33m;[39m
     [90m   |[39m [31m[1m^[22m[39m
     [90m 2 |[39m [36mimport[39m { [33mUser[39m 
} [36mfrom[39m [32m'@/modules/users/entities/user.e
ntity'[39m[33m;[39m
     [90m 3 |[39m [36mimport[39m {
     [90m 4 |[39m   [33mColumn[39m[33m,[39m[0m

      at Resolver._throwModNotFoundError (../node_modu
les/jest-resolve/build/resolver.js:427:11)
      at Object.<anonymous> 
(modules/bookings/entities/booking.entity.ts:1:1)
      at Object.<anonymous> 
(modules/bookings/processors/booking.processor.ts:5:1)
      at Object.<anonymous> (modules/bookings/processo
rs/booking.processor.spec.ts:2:1)

FAIL modules/tours/tours.controller.spec.ts
  ΓùÅ Test suite failed to run

    Cannot find module 
'@/modules/location/entities/location.entity' from 
'modules/tours/entities/tour.entity.ts'

    Require stack:
      modules/tours/entities/tour.entity.ts
      modules/tours/tours.service.ts
      modules/tours/tours.controller.ts
      modules/tours/tours.controller.spec.ts

    [0m [90m  9 |[39m   
[33mPrimaryGeneratedColumn[39m[33m,[39m
     [90m 10 |[39m } [36mfrom[39m 
[32m'typeorm'[39m[33m;[39m
    [31m[1m>[22m[39m[90m 11 |[39m 
[36mimport[39m { [33mLocation[39m } 
[36mfrom[39m [32m'@/modules/location/entities/locat
ion.entity'[39m[33m;[39m
     [90m    |[39m [31m[1m^[22m[39m
     [90m 12 |[39m [36mimport[39m { 
[33mTourDetail[39m } [36mfrom[39m [32m'@/modules/
tour-details/entities/tour-detail.entity'[39m[33m;[
39m
     [90m 13 |[39m [36mimport[39m { 
[33mReview[39m } [36mfrom[39m [32m'@/modules/revi
ews/entities/review.entity'[39m[33m;[39m
     [90m 14 |[39m [36mimport[39m { 
[33mTourSession[39m } [36mfrom[39m [32m'@/modules
/tour-session/entities/tour-session.entity'[39m[33m;
[39m[0m

      at Resolver._throwModNotFoundError (../node_modu
les/jest-resolve/build/resolver.js:427:11)
      at Object.<anonymous> 
(modules/tours/entities/tour.entity.ts:11:1)
      at Object.<anonymous> 
(modules/tours/tours.service.ts:10:1)
      at Object.<anonymous> 
(modules/tours/tours.controller.ts:16:1)
      at Object.<anonymous> 
(modules/tours/tours.controller.spec.ts:2:1)

FAIL modules/tours/tours.integration.spec.ts
  ΓùÅ Test suite failed to run

    Cannot find module 
'@/modules/location/entities/location.entity' from 
'modules/tours/entities/tour.entity.ts'

    Require stack:
      modules/tours/entities/tour.entity.ts
      modules/tours/tours.service.ts
      modules/tours/tours.integration.spec.ts

    [0m [90m  9 |[39m   
[33mPrimaryGeneratedColumn[39m[33m,[39m
     [90m 10 |[39m } [36mfrom[39m 
[32m'typeorm'[39m[33m;[39m
    [31m[1m>[22m[39m[90m 11 |[39m 
[36mimport[39m { [33mLocation[39m } 
[36mfrom[39m [32m'@/modules/location/entities/locat
ion.entity'[39m[33m;[39m
     [90m    |[39m [31m[1m^[22m[39m
     [90m 12 |[39m [36mimport[39m { 
[33mTourDetail[39m } [36mfrom[39m [32m'@/modules/
tour-details/entities/tour-detail.entity'[39m[33m;[
39m
     [90m 13 |[39m [36mimport[39m { 
[33mReview[39m } [36mfrom[39m [32m'@/modules/revi
ews/entities/review.entity'[39m[33m;[39m
     [90m 14 |[39m [36mimport[39m { 
[33mTourSession[39m } [36mfrom[39m [32m'@/modules
/tour-session/entities/tour-session.entity'[39m[33m;
[39m[0m

      at Resolver._throwModNotFoundError (../node_modu
les/jest-resolve/build/resolver.js:427:11)
      at Object.<anonymous> 
(modules/tours/entities/tour.entity.ts:11:1)
      at Object.<anonymous> 
(modules/tours/tours.service.ts:10:1)
      at Object.<anonymous> 
(modules/tours/tours.integration.spec.ts:2:1)

FAIL modules/reviews/reviews.controller.spec.ts
  ΓùÅ Test suite failed to run

    Cannot find module 
'@/modules/tours/entities/tour.entity' from 
'modules/reviews/entities/review.entity.ts'

    Require stack:
      modules/reviews/entities/review.entity.ts
      modules/reviews/reviews.service.ts
      modules/reviews/reviews.controller.ts
      modules/reviews/reviews.controller.spec.ts

    [0m[31m[1m>[22m[39m[90m 1 |[39m 
[36mimport[39m { [33mTour[39m } [36mfrom[39m [3
2m'@/modules/tours/entities/tour.entity'[39m[33m;[3
9m
     [90m   |[39m [31m[1m^[22m[39m
     [90m 2 |[39m [36mimport[39m { [33mUser[39m 
} [36mfrom[39m [32m'@/modules/users/entities/user.e
ntity'[39m[33m;[39m
     [90m 3 |[39m [36mimport[39m {
     [90m 4 |[39m   [33mColumn[39m[33m,[39m[0m

      at Resolver._throwModNotFoundError (../node_modu
les/jest-resolve/build/resolver.js:427:11)
      at Object.<anonymous> 
(modules/reviews/entities/review.entity.ts:1:1)
      at Object.<anonymous> 
(modules/reviews/reviews.service.ts:5:1)
      at Object.<anonymous> 
(modules/reviews/reviews.controller.ts:12:1)
      at Object.<anonymous> 
(modules/reviews/reviews.controller.spec.ts:2:1)

FAIL 
modules/tour-session/tour-session.controller.spec.ts
  ΓùÅ Test suite failed to run

    Cannot find module 
'@/enums/departure-status.enum' from 
'modules/tour-session/entities/tour-session.entity.ts'

    Require stack:
      
modules/tour-session/entities/tour-session.entity.ts
      modules/tour-session/tour-session.service.ts
      modules/tour-session/tour-session.controller.ts
      
modules/tour-session/tour-session.controller.spec.ts

    [0m[31m[1m>[22m[39m[90m 1 |[39m 
[36mimport[39m { [33mDepartureStatus[39m } 
[36mfrom[39m 
[32m'@/enums/departure-status.enum'[39m[33m;[39m
     [90m   |[39m [31m[1m^[22m[39m
     [90m 2 |[39m [36mimport[39m { 
[33mBooking[39m } [36mfrom[39m [32m'@/modules/boo
kings/entities/booking.entity'[39m[33m;[39m
     [90m 3 |[39m [36mimport[39m { [33mTour[39m 
} [36mfrom[39m [32m'@/modules/tours/entities/tour.e
ntity'[39m[33m;[39m
     [90m 4 |[39m [36mimport[39m {[0m

      at Resolver._throwModNotFoundError (../node_modu
les/jest-resolve/build/resolver.js:427:11)
      at Object.<anonymous> (modules/tour-session/enti
ties/tour-session.entity.ts:1:1)
      at Object.<anonymous> 
(modules/tour-session/tour-session.service.ts:10:1)
      at Object.<anonymous> 
(modules/tour-session/tour-session.controller.ts:16:1)
      at Object.<anonymous> (modules/tour-session/tour
-session.controller.spec.ts:2:1)

FAIL modules/auth/auth.service.spec.ts
  ΓùÅ Test suite failed to run

    Cannot find module '@/enums/user-role.enum' from 
'modules/users/entities/user.entity.ts'

    Require stack:
      modules/users/entities/user.entity.ts
      modules/users/users.service.ts
      modules/auth/auth.service.ts
      modules/auth/auth.service.spec.ts

    [0m[31m[1m>[22m[39m[90m 1 |[39m 
[36mimport[39m { [33mUserRole[39m } 
[36mfrom[39m 
[32m'@/enums/user-role.enum'[39m[33m;[39m
     [90m   |[39m [31m[1m^[22m[39m
     [90m 2 |[39m [36mimport[39m { 
[33mBooking[39m } [36mfrom[39m [32m'@/modules/boo
kings/entities/booking.entity'[39m[33m;[39m
     [90m 3 |[39m [36mimport[39m { 
[33mReview[39m } [36mfrom[39m [32m'@/modules/revi
ews/entities/review.entity'[39m[33m;[39m
     [90m 4 |[39m [36mimport[39m { 
[33mUserProfile[39m } [36mfrom[39m [32m'@/modules
/user_profiles/entities/user_profile.entity'[39m[33m
;[39m[0m

      at Resolver._throwModNotFoundError (../node_modu
les/jest-resolve/build/resolver.js:427:11)
      at Object.<anonymous> 
(modules/users/entities/user.entity.ts:1:1)
      at Object.<anonymous> 
(modules/users/users.service.ts:9:1)
      at Object.<anonymous> 
(modules/auth/auth.service.ts:2:1)
      at Object.<anonymous> 
(modules/auth/auth.service.spec.ts:2:1)

FAIL modules/auth/auth.controller.spec.ts
  ΓùÅ Test suite failed to run

    Cannot find module '@/enums/user-role.enum' from 
'modules/users/entities/user.entity.ts'

    Require stack:
      modules/users/entities/user.entity.ts
      modules/users/users.service.ts
      modules/auth/auth.service.ts
      modules/auth/auth.controller.ts
      modules/auth/auth.controller.spec.ts

    [0m[31m[1m>[22m[39m[90m 1 |[39m 
[36mimport[39m { [33mUserRole[39m } 
[36mfrom[39m 
[32m'@/enums/user-role.enum'[39m[33m;[39m
     [90m   |[39m [31m[1m^[22m[39m
     [90m 2 |[39m [36mimport[39m { 
[33mBooking[39m } [36mfrom[39m [32m'@/modules/boo
kings/entities/booking.entity'[39m[33m;[39m
     [90m 3 |[39m [36mimport[39m { 
[33mReview[39m } [36mfrom[39m [32m'@/modules/revi
ews/entities/review.entity'[39m[33m;[39m
     [90m 4 |[39m [36mimport[39m { 
[33mUserProfile[39m } [36mfrom[39m [32m'@/modules
/user_profiles/entities/user_profile.entity'[39m[33m
;[39m[0m

      at Resolver._throwModNotFoundError (../node_modu
les/jest-resolve/build/resolver.js:427:11)
      at Object.<anonymous> 
(modules/users/entities/user.entity.ts:1:1)
      at Object.<anonymous> 
(modules/users/users.service.ts:9:1)
      at Object.<anonymous> 
(modules/auth/auth.service.ts:2:1)
      at Object.<anonymous> 
(modules/auth/auth.controller.ts:10:1)
      at Object.<anonymous> 
(modules/auth/auth.controller.spec.ts:2:1)

FAIL modules/chat/chat.controller.spec.ts
  ΓùÅ Test suite failed to run

    Cannot find module 
'@/modules/users/entities/user.entity' from 
'modules/chat/entities/chat-session.entity.ts'

    Require stack:
      modules/chat/entities/chat-session.entity.ts
      modules/chat/chat.service.ts
      modules/chat/chat.controller.ts
      modules/chat/chat.controller.spec.ts

    [0m[31m[1m>[22m[39m[90m 1 |[39m 
[36mimport[39m { [33mUser[39m } [36mfrom[39m [3
2m'@/modules/users/entities/user.entity'[39m[33m;[3
9m
     [90m   |[39m [31m[1m^[22m[39m
     [90m 2 |[39m [36mimport[39m { 
[33mAbstractEntity[39m } [36mfrom[39m 
[32m'@/common/abstract.entity'[39m[33m;[39m
     [90m 3 |[39m [36mimport[39m { 
[33mColumn[39m[33m,[39m 
[33mEntity[39m[33m,[39m 
[33mManyToOne[39m[33m,[39m [33mOneToMany[39m } 
[36mfrom[39m [32m'typeorm'[39m[33m;[39m
     [90m 4 |[39m [36mimport[39m { 
[33mChatMessage[39m } [36mfrom[39m 
[32m'./chat-message.entity'[39m[33m;[39m[0m

      at Resolver._throwModNotFoundError (../node_modu
les/jest-resolve/build/resolver.js:427:11)
      at Object.<anonymous> 
(modules/chat/entities/chat-session.entity.ts:1:1)
      at Object.<anonymous> 
(modules/chat/chat.service.ts:3:1)
      at Object.<anonymous> 
(modules/chat/chat.controller.ts:2:1)
      at Object.<anonymous> 
(modules/chat/chat.controller.spec.ts:2:1)

FAIL modules/bookings/bookings.service.spec.ts
  ΓùÅ Test suite failed to run

    Cannot find module 
'@/modules/tour-session/entities/tour-session.entity' 
from 'modules/bookings/entities/booking.entity.ts'

    Require stack:
      modules/bookings/entities/booking.entity.ts
      modules/bookings/bookings.service.ts
      modules/bookings/bookings.service.spec.ts

    [0m[31m[1m>[22m[39m[90m 1 |[39m 
[36mimport[39m { [33mTourSession[39m } 
[36mfrom[39m [32m'@/modules/tour-session/entities/t
our-session.entity'[39m[33m;[39m
     [90m   |[39m [31m[1m^[22m[39m
     [90m 2 |[39m [36mimport[39m { [33mUser[39m 
} [36mfrom[39m [32m'@/modules/users/entities/user.e
ntity'[39m[33m;[39m
     [90m 3 |[39m [36mimport[39m {
     [90m 4 |[39m   [33mColumn[39m[33m,[39m[0m

      at Resolver._throwModNotFoundError (../node_modu
les/jest-resolve/build/resolver.js:427:11)
      at Object.<anonymous> 
(modules/bookings/entities/booking.entity.ts:1:1)
      at Object.<anonymous> 
(modules/bookings/bookings.service.ts:5:1)
      at Object.<anonymous> 
(modules/bookings/bookings.service.spec.ts:2:1)

FAIL modules/location/location.service.spec.ts
  ΓùÅ Test suite failed to run

    Cannot find module 
'@/modules/tours/entities/tour.entity' from 
'modules/location/entities/location.entity.ts'

    Require stack:
      modules/location/entities/location.entity.ts
      modules/location/location.service.ts
      modules/location/location.service.spec.ts

    [0m[31m[1m>[22m[39m[90m 1 |[39m 
[36mimport[39m { [33mTour[39m } [36mfrom[39m [3
2m'@/modules/tours/entities/tour.entity'[39m[33m;[3
9m
     [90m   |[39m [31m[1m^[22m[39m
     [90m 2 |[39m [36mimport[39m { 
[33mColumn[39m[33m,[39m 
[33mEntity[39m[33m,[39m 
[33mOneToMany[39m[33m,[39m 
[33mPrimaryGeneratedColumn[39m } [36mfrom[39m 
[32m'typeorm'[39m[33m;[39m
     [90m 3 |[39m 
[33m@[39m[33mEntity[39m([32m'locations'[39m)
     [90m 4 |[39m [36mexport[39m [36mclass[39m 
[33mLocation[39m {[0m

      at Resolver._throwModNotFoundError (../node_modu
les/jest-resolve/build/resolver.js:427:11)
      at Object.<anonymous> 
(modules/location/entities/location.entity.ts:1:1)
      at Object.<anonymous> 
(modules/location/location.service.ts:10:1)
      at Object.<anonymous> 
(modules/location/location.service.spec.ts:2:1)

FAIL modules/bookings/bookings.controller.spec.ts
  ΓùÅ Test suite failed to run

    Cannot find module 
'@/modules/tour-session/entities/tour-session.entity' 
from 'modules/bookings/entities/booking.entity.ts'

    Require stack:
      modules/bookings/entities/booking.entity.ts
      modules/bookings/bookings.service.ts
      modules/bookings/bookings.controller.ts
      modules/bookings/bookings.controller.spec.ts

    [0m[31m[1m>[22m[39m[90m 1 |[39m 
[36mimport[39m { [33mTourSession[39m } 
[36mfrom[39m [32m'@/modules/tour-session/entities/t
our-session.entity'[39m[33m;[39m
     [90m   |[39m [31m[1m^[22m[39m
     [90m 2 |[39m [36mimport[39m { [33mUser[39m 
} [36mfrom[39m [32m'@/modules/users/entities/user.e
ntity'[39m[33m;[39m
     [90m 3 |[39m [36mimport[39m {
     [90m 4 |[39m   [33mColumn[39m[33m,[39m[0m

      at Resolver._throwModNotFoundError (../node_modu
les/jest-resolve/build/resolver.js:427:11)
      at Object.<anonymous> 
(modules/bookings/entities/booking.entity.ts:1:1)
      at Object.<anonymous> 
(modules/bookings/bookings.service.ts:5:1)
      at Object.<anonymous> 
(modules/bookings/bookings.controller.ts:10:1)
      at Object.<anonymous> 
(modules/bookings/bookings.controller.spec.ts:2:1)

FAIL modules/location/location.controller.spec.ts
  ΓùÅ Test suite failed to run

    Cannot find module 
'@/modules/tours/entities/tour.entity' from 
'modules/location/entities/location.entity.ts'

    Require stack:
      modules/location/entities/location.entity.ts
      modules/location/location.service.ts
      modules/location/location.controller.ts
      modules/location/location.controller.spec.ts

    [0m[31m[1m>[22m[39m[90m 1 |[39m 
[36mimport[39m { [33mTour[39m } [36mfrom[39m [3
2m'@/modules/tours/entities/tour.entity'[39m[33m;[3
9m
     [90m   |[39m [31m[1m^[22m[39m
     [90m 2 |[39m [36mimport[39m { 
[33mColumn[39m[33m,[39m 
[33mEntity[39m[33m,[39m 
[33mOneToMany[39m[33m,[39m 
[33mPrimaryGeneratedColumn[39m } [36mfrom[39m 
[32m'typeorm'[39m[33m;[39m
     [90m 3 |[39m 
[33m@[39m[33mEntity[39m([32m'locations'[39m)
     [90m 4 |[39m [36mexport[39m [36mclass[39m 
[33mLocation[39m {[0m

      at Resolver._throwModNotFoundError (../node_modu
les/jest-resolve/build/resolver.js:427:11)
      at Object.<anonymous> 
(modules/location/entities/location.entity.ts:1:1)
      at Object.<anonymous> 
(modules/location/location.service.ts:10:1)
      at Object.<anonymous> 
(modules/location/location.controller.ts:16:1)
      at Object.<anonymous> 
(modules/location/location.controller.spec.ts:2:1)

FAIL modules/chat/chat.service.spec.ts
  ΓùÅ Test suite failed to run

    Cannot find module 
'@/modules/users/entities/user.entity' from 
'modules/chat/entities/chat-session.entity.ts'

    Require stack:
      modules/chat/entities/chat-session.entity.ts
      modules/chat/chat.service.ts
      modules/chat/chat.service.spec.ts

    [0m[31m[1m>[22m[39m[90m 1 |[39m 
[36mimport[39m { [33mUser[39m } [36mfrom[39m [3
2m'@/modules/users/entities/user.entity'[39m[33m;[3
9m
     [90m   |[39m [31m[1m^[22m[39m
     [90m 2 |[39m [36mimport[39m { 
[33mAbstractEntity[39m } [36mfrom[39m 
[32m'@/common/abstract.entity'[39m[33m;[39m
     [90m 3 |[39m [36mimport[39m { 
[33mColumn[39m[33m,[39m 
[33mEntity[39m[33m,[39m 
[33mManyToOne[39m[33m,[39m [33mOneToMany[39m } 
[36mfrom[39m [32m'typeorm'[39m[33m;[39m
     [90m 4 |[39m [36mimport[39m { 
[33mChatMessage[39m } [36mfrom[39m 
[32m'./chat-message.entity'[39m[33m;[39m[0m

      at Resolver._throwModNotFoundError (../node_modu
les/jest-resolve/build/resolver.js:427:11)
      at Object.<anonymous> 
(modules/chat/entities/chat-session.entity.ts:1:1)
      at Object.<anonymous> 
(modules/chat/chat.service.ts:3:1)
      at Object.<anonymous> 
(modules/chat/chat.service.spec.ts:2:1)

FAIL modules/tour-session/tour-session.service.spec.ts
  ΓùÅ Test suite failed to run

    [96msrc/modules/tour-session/tour-session.service
.spec.ts[0m:[93m81[0m:[93m9[0m - 
[91merror[0m[90m TS2322: [0mType 'Date' is not 
assignable to type 'string'.

    [7m81[0m         startDate: pastDate,
    [7m  [0m [91m        ~~~~~~~~~[0m

      [96msrc/modules/tour-session/dto/create-tour-se
ssion.dto.ts[0m:[93m20[0m:[93m3[0m
        [7m20[0m   startDate: string;
        [7m  [0m [96m  ~~~~~~~~~[0m
        The expected type comes from property 
'startDate' which is declared here on type 
'CreateTourSessionDto'


Test Suites: 21 failed, 9 passed, 30 total
Tests:       14 passed, 14 total
Snapshots:   0 total
Time:        37.875 s
Ran all test suites.
